TAP version 13
# Subtest: extension registers only existing responsibilities and no loop or approval hook
ok 1 - extension registers only existing responsibilities and no loop or approval hook
  ---
  duration_ms: 5.211792
  type: 'test'
  ...
# Subtest: normal headless development works without an interactive prompt
ok 2 - normal headless development works without an interactive prompt
  ---
  duration_ms: 4.8095
  type: 'test'
  ...
# Subtest: context callback does not mutate native input or grow old runtime messages
ok 3 - context callback does not mutate native input or grow old runtime messages
  ---
  duration_ms: 4.084042
  type: 'test'
  ...
# Subtest: context contract failure disables only this extension, without a new global gate
ok 4 - context contract failure disables only this extension, without a new global gate
  ---
  duration_ms: 1.201
  type: 'test'
  ...
# Subtest: existing Kubernetes deny remains effective; runtime never returns an allow override
ok 5 - existing Kubernetes deny remains effective; runtime never returns an allow override
  ---
  duration_ms: 3.934916
  type: 'test'
  ...
# Subtest: lease loss and reattachment use existing timer without human interaction
ok 6 - lease loss and reattachment use existing timer without human interaction
  ---
  duration_ms: 5.612208
  type: 'test'
  ...
# Subtest: operator pause remains authoritative; automatic recovery never clears it
ok 7 - operator pause remains authoritative; automatic recovery never clears it
  ---
  duration_ms: 5.387
  type: 'test'
  ...
# Subtest: compaction makes a recovery card for one model round, not every stored turn
ok 8 - compaction makes a recovery card for one model round, not every stored turn
  ---
  duration_ms: 3.543208
  type: 'test'
  ...
# Subtest: installation defaults to a read-only plan
ok 9 - installation defaults to a read-only plan
  ---
  duration_ms: 36.464333
  type: 'test'
  ...
# Subtest: explicit activation and rollback preserve config and use only one extension link
ok 10 - explicit activation and rollback preserve config and use only one extension link
  ---
  duration_ms: 106.529958
  type: 'test'
  ...
# Subtest: a foreign regular file at the extension target is never overwritten
ok 11 - a foreign regular file at the extension target is never overwritten
  ---
  duration_ms: 35.819666
  type: 'test'
  ...
# Subtest: a different extension package is never replaced
ok 12 - a different extension package is never replaced
  ---
  duration_ms: 34.965334
  type: 'test'
  ...
# Subtest: the ompupdate installer is a fixed point and its removal restores the original rc
ok 13 - the ompupdate installer is a fixed point and its removal restores the original rc
  ---
  duration_ms: 138.310292
  type: 'test'
  ...
# Subtest: an unbalanced managed block is refused instead of corrupting the rc file
ok 14 - an unbalanced managed block is refused instead of corrupting the rc file
  ---
  duration_ms: 35.024208
  type: 'test'
  ...
# Subtest: ordinary coherent tool cycle has one durable action
ok 15 - ordinary coherent tool cycle has one durable action
  ---
  duration_ms: 5.305583
  type: 'test'
  ...
# Subtest: zvec input is unchanged and never consumes an effect
ok 16 - zvec input is unchanged and never consumes an effect
  ---
  duration_ms: 3.720875
  type: 'test'
  ...
# Subtest: zvec failure is an observed read failure, not an uncertain write
ok 17 - zvec failure is an observed read failure, not an uncertain write
  ---
  duration_ms: 4.521625
  type: 'test'
  ...
# Subtest: memory response with protocol error despite isError=false is unknown
ok 18 - memory response with protocol error despite isError=false is unknown
  ---
  duration_ms: 4.494584
  type: 'test'
  ...
# Subtest: opaque memory success without a protocol acknowledgement stays unknown
ok 19 - opaque memory success without a protocol acknowledgement stays unknown
  ---
  duration_ms: 3.667542
  type: 'test'
  ...
# Subtest: valid remember acknowledgement settles as observed success
ok 20 - valid remember acknowledgement settles as observed success
  ---
  duration_ms: 3.402083
  type: 'test'
  ...
# Subtest: success then failure never remains succeeded
ok 21 - success then failure never remains succeeded
  ---
  duration_ms: 3.710625
  type: 'test'
  ...
# Subtest: failure then success stays failed with conflict metadata
ok 22 - failure then success stays failed with conflict metadata
  ---
  duration_ms: 2.997833
  type: 'test'
  ...
# Subtest: exit-code-only result divergence is detected
ok 23 - exit-code-only result divergence is detected
  ---
  duration_ms: 3.60825
  type: 'test'
  ...
# Subtest: memory late failure produces unknown rather than retryable failed
ok 24 - memory late failure produces unknown rather than retryable failed
  ---
  duration_ms: 3.6325
  type: 'test'
  ...
# Subtest: result-only call is explicit observation quality, not assumed start/end coverage
ok 25 - result-only call is explicit observation quality, not assumed start/end coverage
  ---
  duration_ms: 2.502875
  type: 'test'
  ...
# Subtest: xd outer plus inner has one logical effect and two physical calls
ok 26 - xd outer plus inner has one logical effect and two physical calls
  ---
  duration_ms: 3.096916
  type: 'test'
  ...
# Subtest: xd outer plus inner timeout produces only one unknown
ok 27 - xd outer plus inner timeout produces only one unknown
  ---
  duration_ms: 3.156375
  type: 'test'
  ...
# Subtest: different ids with identical memory inputs are not wrongly deduplicated
ok 28 - different ids with identical memory inputs are not wrongly deduplicated
  ---
  duration_ms: 3.106875
  type: 'test'
  ...
# Subtest: exact duplicate dispatch is refused and reason is durable
ok 29 - exact duplicate dispatch is refused and reason is durable
  ---
  duration_ms: 2.649583
  type: 'test'
  ...
# Subtest: an actual input revision is uncertain, never silently recertified
ok 30 - an actual input revision is uncertain, never silently recertified
  ---
  duration_ms: 2.384125
  type: 'test'
  ...
# Subtest: memory unknown does not block source work
ok 31 - memory unknown does not block source work
  ---
  duration_ms: 3.321541
  type: 'test'
  ...
# Subtest: control plane never gates, including hub/yield/reconcile
ok 32 - control plane never gates, including hub/yield/reconcile
  ---
  duration_ms: 2.3365
  type: 'test'
  ...
# Subtest: persistent I/O failure stops DB attempts, not native source work
ok 33 - persistent I/O failure stops DB attempts, not native source work
  ---
  duration_ms: 2.0895
  type: 'test'
  ...
# Subtest: lost lease degrades the observer and leaves source reads available
ok 34 - lost lease degrades the observer and leaves source reads available
  ---
  duration_ms: 2.187667
  type: 'test'
  ...
# Subtest: read-back and nonempty attestation resolve only explicit unknown ids
ok 35 - read-back and nonempty attestation resolve only explicit unknown ids
  ---
  duration_ms: 3.627541
  type: 'test'
  ...
# Subtest: an unrelated filesystem read cannot satisfy a memory read-back reference
ok 36 - an unrelated filesystem read cannot satisfy a memory read-back reference
  ---
  duration_ms: 3.260708
  type: 'test'
  ...
# Subtest: a read before a write in the same clock tick is not a read-back
ok 37 - a read before a write in the same clock tick is not a read-back
  ---
  duration_ms: 3.148917
  type: 'test'
  ...
# Subtest: secrets are refused without an approval dialog
ok 38 - secrets are refused without an approval dialog
  ---
  duration_ms: 2.072792
  type: 'test'
  ...
# Subtest: optional evidence is checked only when explicitly cited
ok 39 - optional evidence is checked only when explicitly cited
  ---
  duration_ms: 3.416708
  type: 'test'
  ...
# Subtest: checkpoint needs no evidence collection ceremony
ok 40 - checkpoint needs no evidence collection ceremony
  ---
  duration_ms: 2.169208
  type: 'test'
  ...
# Subtest: context stays one bounded projection over a thousand request builds
ok 41 - context stays one bounded projection over a thousand request builds
  ---
  duration_ms: 2.58
  type: 'test'
  ...
# Subtest: steady context contains no usage, goal mirror, full logs or unchanged checkpoint
ok 42 - steady context contains no usage, goal mirror, full logs or unchanged checkpoint
  ---
  duration_ms: 2.202583
  type: 'test'
  ...
# Subtest: resume is output packed, not an execution limit
ok 43 - resume is output packed, not an execution limit
  ---
  duration_ms: 2.606209
  type: 'test'
  ...
# Subtest: retired budget and recall options are ignored, never block loading
ok 44 - retired budget and recall options are ignored, never block loading
  ---
  duration_ms: 0.046583
  type: 'test'
  ...
# Subtest: more than old call/effect limits and a day of active lease never stop work
ok 45 - more than old call/effect limits and a day of active lease never stop work
  ---
  duration_ms: 407.682708
  type: 'test'
  ...
# Subtest: resolved journal directory cannot be symlinked into workspace
ok 46 - resolved journal directory cannot be symlinked into workspace
  ---
  duration_ms: 2.671
  type: 'test'
  ...
# Subtest: same session second writer is rejected, sibling session is allowed
ok 47 - same session second writer is rejected, sibling session is allowed
  ---
  duration_ms: 2.269917
  type: 'test'
  ...
# Subtest: reopening old schema preserves nonempty legacy outbox
ok 48 - reopening old schema preserves nonempty legacy outbox
  ---
  duration_ms: 2.820166
  type: 'test'
  ...
# Subtest: unsupported schema is not reset or destroyed
ok 49 - unsupported schema is not reset or destroyed
  ---
  duration_ms: 2.559625
  type: 'test'
  ...
# Subtest: crash recovery marks unfinished effects unknown without replaying them
ok 50 - crash recovery marks unfinished effects unknown without replaying them
  ---
  duration_ms: 2.3075
  type: 'test'
  ...
# Subtest: an unresolved local command is advisory and does not lock the entire workspace
ok 51 - an unresolved local command is advisory and does not lock the entire workspace
  ---
  duration_ms: 3.183542
  type: 'test'
  ...
# Subtest: a failed final persistence is visible as uncertainty before reattach
ok 52 - a failed final persistence is visible as uncertainty before reattach
  ---
  duration_ms: 2.008167
  type: 'test'
  ...
# Subtest: a failed nested memory alias does not dispatch the actual write without a journal
ok 53 - a failed nested memory alias does not dispatch the actual write without a journal
  ---
  duration_ms: 2.147916
  type: 'test'
  ...
# Subtest: a repeated memory result cannot erase an earlier ambiguous response
ok 54 - a repeated memory result cannot erase an earlier ambiguous response
  ---
  duration_ms: 2.459375
  type: 'test'
  ...
1..54
# tests 54
# suites 0
# pass 54
# fail 0
# cancelled 0
# skipped 0
# todo 0
# duration_ms 573.508875
